// Jest Snapshot v1, https://goo.gl/fbAQLP

exports[`DependencyTemplateMap should match snapshot 1`] = `
Object {
  "nextjs": Array [
    "next",
  ],
  "react": Array [
    "react",
    "react-dom",
    "react-scripts",
  ],
}
`;
